[36mvite v6.4.1 [32mbuilding for production...[36m[39m
transforming...
[32mΓ£ô[39m 3 modules transformed.
node.exe : 
[31mΓ£ù[39m Build 
failed in 292ms
At line:1 char:1
+ & "C:\Program Files\
nodejs/node.exe" 
"C:\Program 
Files\nodejs/node_mo 
...
+ ~~~~~~~~~~~~~~~~~~~~
~~~~~~~~~~~~~~~~~~~~~~
~~~~~~~~~~~~~~~~~~~~~~
~~~~~
    + CategoryInfo    
          : NotSpeci  
  fied: ([31mΓ£ù[   
 39m Build failed     
in 292ms:String)     
[], RemoteExcepti    
on
    + FullyQualifiedE 
   rrorId : NativeCo  
  mmandError
 
[31merror during 
build:
[31m[vite:css] 
[postcss] It looks 
like you're trying to 
use `tailwindcss` 
directly as a PostCSS 
plugin. The PostCSS 
plugin has moved to a 
separate package, so 
to continue using 
Tailwind CSS with 
PostCSS you'll need 
to install `@tailwindc
ss/postcss` and 
update your PostCSS 
configuration.[31m
file: [36mC:/Users/al
mamun/Documents/GitHub
/home-service-kuwait-d
ot-com/src/index.css:u
ndefined:NaN[31m
    at lt (C:\Users\al
mamun\Documents\GitHub
\home-service-kuwait-d
ot-com\node_modules\ta
ilwindcss\dist\lib.js:
38:1643)
    at 
LazyResult.runOnRoot (
C:\Users\almamun\Docum
ents\GitHub\home-servi
ce-kuwait-dot-com\node
_modules\postcss\lib\l
azy-result.js:361:16)
    at 
LazyResult.runAsync (C
:\Users\almamun\Docume
nts\GitHub\home-servic
e-kuwait-dot-com\node_
modules\postcss\lib\la
zy-result.js:290:26)
    at 
LazyResult.async (C:\U
sers\almamun\Documents
\GitHub\home-service-k
uwait-dot-com\node_mod
ules\postcss\lib\lazy-
result.js:192:30)
    at 
LazyResult.then (C:\Us
ers\almamun\Documents\
GitHub\home-service-ku
wait-dot-com\node_modu
les\postcss\lib\lazy-r
esult.js:436:17)
    at async 
runPostCSS (file:///C:
/Users/almamun/Documen
ts/GitHub/home-service
-kuwait-dot-com/node_m
odules/vite/dist/node/
chunks/dep-D4NMHUTW.js
:43853:21)
    at async 
compilePostCSS (file:/
//C:/Users/almamun/Doc
uments/GitHub/home-ser
vice-kuwait-dot-com/no
de_modules/vite/dist/n
ode/chunks/dep-D4NMHUT
W.js:43823:18)
    at async 
compileCSS (file:///C:
/Users/almamun/Documen
ts/GitHub/home-service
-kuwait-dot-com/node_m
odules/vite/dist/node/
chunks/dep-D4NMHUTW.js
:43678:27)
    at async 
Object.handler (file:/
//C:/Users/almamun/Doc
uments/GitHub/home-ser
vice-kuwait-dot-com/no
de_modules/vite/dist/n
ode/chunks/dep-D4NMHUT
W.js:42994:11)
    at async 
transform (file:///C:/
Users/almamun/Document
s/GitHub/home-service-
kuwait-dot-com/node_mo
dules/rollup/dist/es/s
hared/node-entry.js:21
163:16)[39m
